=== Spider-Clash Run Log ===
Date: 2026-07-31T10:21:41.699Z
Duration: 71770ms

[Statistics]
Total Raw Links Found: 534
Valid Format Nodes: 424
Validated Available Nodes: 29

[Errors]
None

[Config]
Sources: [
  "https://nodefree.me",
  "https://nodefree.me/p/*.html",
  "https://oneclash.cc/",
  "https://oneclash.cc/a/*.html",
  "https://clashnodev2ray.github.io/",
  "https://clashnodev2ray.github.io/*/*/*/free-ssr-node/",
  "https://github.com/free-nodes/v2rayfree",
  "https://freenode.openrunner.net/",
  "https://freenode.openrunner.net/post/*/",
  "https://www.cfmem.com/search/label/free",
  "https://clashgithub.com/category/freenode",
  "https://github.com/free-nodes/clashfree",
  "https://github.com/free18/v2ray",
  "https://github.com/Pawdroid/Free-servers",
  "https://github.com/John19187/v2ray-SSR-Clash-Verge-Shadowrocke",
  "https://github.com/shaoyouvip/free",
  "https://github.com/hwanz/SSR-V2ray-Trojan-vpn",
  "https://nodefree.me",
  "https://nodefree.me/p/*.html",
  "https://nodefree.me/*/*.html",
  "https://v2rayshare.net",
  "https://v2rayshare.net/*/*.html",
  "https://jichangx.com/free-subscription",
  "https://jichangx.com/*/",
  "https://clashstair.com/freenode/",
  "https://clashstair.com/freenode/*/",
  "https://nodebuf.com",
  "https://clashgithub.com/*.html",
  "https://www.freeclashnode.com/free-node/",
  "https://www.freeclashnode.com/free-node/*.htm",
  "https://www.mibei77.com/*.html",
  "https://clashnodev2ray.github.io",
  "https://clashnodev2ray.github.io/*/*/*/free-ssr-node/",
  "https://www.proxyqueen.top/*/*/*/",
  "https://wanzhuanmi.com/*/*/",
  "https://clashnode.cc/free-node/*.htm",
  "https://free.datiya.com",
  "https://free.datiya.com/post/*/",
  "https://clashgithub.com/*.html",
  "https://oneclash.cc/freenode",
  "https://oneclash.cc/a/*.html",
  "https://www.freev2raynode.com/free-node-subscription/*.htm",
  "https://www.85la.com/internet-access/free-network-nodes",
  "https://www.85la.com/*.html",
  "https://www.stairnode.com/daily/*",
  "https://t.me/s/StairNode",
  "https://t.me/s/v2queen",
  "https://t.me/s/clashjd",
  "https://t.me/s/changfengchannel",
  "https://www.cfmem.com"
]
============================